// Jest Snapshot v1, https://goo.gl/fbAQLP

exports[`descriptorModifier() should return modifier descriptor object: [object Object] 1`] = `
Object {
  "configurable": true,
  "initializer": [Function],
}
`;
